
> prop-firm-trader@0.1.0 build
> next build

Ôû▓ Next.js 16.1.4 (Turbopack)
- Environments: .env
- Experiments (use with caution):
  ┬À serverActions

ÔÜá The "middleware" file convention is deprecated. Please use "proxy" instead. Learn more: https://nextjs.org/docs/messages/middleware-to-proxy
  Creating an optimized production build ...
Ô£ô Compiled successfully in 7.7s
  Running TypeScript ...
  Collecting page data using 15 workers ...
  Generating static pages using 15 workers (0/27) ...
  Generating static pages using 15 workers (6/27) 
  Generating static pages using 15 workers (13/27) 
  Generating static pages using 15 workers (20/27) 
Ô£ô Generating static pages using 15 workers (27/27) in 790.3ms
  Finalizing page optimization ...

Route (app)
Ôöî Ôùï /_not-found
Ôö£ ãÆ /[locale]
Ôö£ ãÆ /[locale]/[slug]
Ôö£ ãÆ /[locale]/admin
Ôö£ ãÆ /[locale]/admin/blog
Ôö£ ãÆ /[locale]/admin/blog/[id]
Ôö£ ãÆ /[locale]/admin/blog/categories
Ôö£ ãÆ /[locale]/admin/blog/new
Ôö£ ãÆ /[locale]/admin/change-password
Ôö£ ãÆ /[locale]/admin/courses
Ôö£ ãÆ /[locale]/admin/courses/[id]
Ôö£ ãÆ /[locale]/admin/courses/new
Ôö£ ãÆ /[locale]/admin/firms/[id]
Ôö£ ãÆ /[locale]/admin/firms/new
Ôö£ ãÆ /[locale]/admin/pages
Ôö£ ãÆ /[locale]/admin/pages/[slug]
Ôö£ ãÆ /[locale]/admin/pages/new
Ôö£ ãÆ /[locale]/admin/settings
Ôö£ ãÆ /[locale]/admin/subscribers
Ôö£ ãÆ /[locale]/admin/translations
Ôö£ ãÆ /[locale]/auth/forgot-password
Ôö£ ãÆ /[locale]/auth/login
Ôö£ ãÆ /[locale]/auth/reset-password
Ôö£ ãÆ /[locale]/auth/signout
Ôö£ ãÆ /[locale]/auth/signup
Ôö£ ãÆ /[locale]/blog
Ôö£ ãÆ /[locale]/blog/[slug]
Ôö£ ãÆ /[locale]/coming-soon
Ôö£ ãÆ /[locale]/compare
Ôö£ ãÆ /[locale]/contact
Ôö£ ãÆ /[locale]/courses
Ôö£ ãÆ /[locale]/courses/[courseId]
Ôö£ ãÆ /[locale]/crypto
Ôö£ ãÆ /[locale]/firms/[firmId]
Ôö£ ãÆ /[locale]/forex
Ôö£ ãÆ /[locale]/futures
Ôö£ ãÆ /api/firms
Ôö£ Ôùï /icon.svg
Ôöö Ôùï /sitemap.xml


ãÆ Proxy (Middleware)

Ôùï  (Static)   prerendered as static content
ãÆ  (Dynamic)  server-rendered on demand

