
> prop-firm-trader@0.1.0 build
> next build

Ôû▓ Next.js 16.1.4 (Turbopack)
- Environments: .env
- Experiments (use with caution):
  ┬À serverActions

ÔÜá The "middleware" file convention is deprecated. Please use "proxy" instead. Learn more: https://nextjs.org/docs/messages/middleware-to-proxy
  Creating an optimized production build ...
Ô£ô Compiled successfully in 7.2s
  Running TypeScript ...
Failed to compile.

./src/app/[locale]/admin/courses/_components/course-form.tsx:143:34
Type error: Cannot find name 'handleAutoFill'.

  141 |                     <button
  142 |                         type="button"
> 143 |                         onClick={handleAutoFill}
      |                                  ^
  144 |                         disabled={loading}
  145 |                         className="flex items-center gap-2 px-4 py-2 bg-violet-600 text-white rounded-lg text-sm font-bold hover:bg-violet-700 transition-colors disabled:opacity-50"
  146 |                     >
Next.js build worker exited with code: 1 and signal: null
