
> prop-firm-trader@0.1.0 build
> next build

Ôû▓ Next.js 16.1.4 (Turbopack)
- Environments: .env
- Experiments (use with caution):
  ┬À serverActions

ÔÜá The "middleware" file convention is deprecated. Please use "proxy" instead. Learn more: https://nextjs.org/docs/messages/middleware-to-proxy
  Creating an optimized production build ...
Ô£ô Compiled successfully in 6.3s
  Running TypeScript ...
Failed to compile.

./src/actions/course-actions.ts:13:9
Type error: Type 'string' is not assignable to type '{ en: string; es: string; }'.

  11 |     const course: CourseDB = {
  12 |         id: id || name.toLowerCase().replace(/[^a-z0-9]+/g, "-"),
> 13 |         title: name,
     |         ^
  14 |         description: formData.get("description") as string,
  15 |         instructor: formData.get("instructor") as string,
  16 |         link: formData.get("link") as string,
Next.js build worker exited with code: 1 and signal: null
